fabtest
